// Vitest Snapshot v1

exports[`should render Heading with text Hello YouTube 1`] = `
<h1>
  Hello Test!
</h1>
`;
